../Drivers/CMSIS/Include/core_cm0.h:730:22:__NVIC_SetPriority	24	static
../Drivers/STM32F0xx_HAL_Driver/Inc/stm32f0xx_ll_adc.h:1764:22:LL_ADC_SetSamplingTimeCommonChannels	16	static
../Drivers/STM32F0xx_HAL_Driver/Inc/stm32f0xx_ll_adc.h:1946:22:LL_ADC_REG_SetSequencerScanDirection	16	static
../Drivers/STM32F0xx_HAL_Driver/Inc/stm32f0xx_ll_adc.h:2152:22:LL_ADC_REG_SetSequencerChAdd	16	static
../Drivers/STM32F0xx_HAL_Driver/Inc/stm32f0xx_ll_rcc.h:746:22:LL_RCC_HSI_Enable	8	static
../Drivers/STM32F0xx_HAL_Driver/Inc/stm32f0xx_ll_rcc.h:766:26:LL_RCC_HSI_IsReady	8	static
../Drivers/STM32F0xx_HAL_Driver/Inc/stm32f0xx_ll_rcc.h:792:22:LL_RCC_HSI_SetCalibTrimming	16	static
../Drivers/STM32F0xx_HAL_Driver/Inc/stm32f0xx_ll_rcc.h:1098:22:LL_RCC_SetSysClkSource	16	static
../Drivers/STM32F0xx_HAL_Driver/Inc/stm32f0xx_ll_rcc.h:1114:26:LL_RCC_GetSysClkSource	8	static
../Drivers/STM32F0xx_HAL_Driver/Inc/stm32f0xx_ll_rcc.h:1134:22:LL_RCC_SetAHBPrescaler	16	static
../Drivers/STM32F0xx_HAL_Driver/Inc/stm32f0xx_ll_rcc.h:1150:22:LL_RCC_SetAPB1Prescaler	16	static
../Drivers/STM32F0xx_HAL_Driver/Inc/stm32f0xx_ll_rcc.h:1271:22:LL_RCC_SetUSARTClockSource	16	static
../Drivers/STM32F0xx_HAL_Driver/Inc/stm32f0xx_ll_bus.h:225:22:LL_AHB1_GRP1_EnableClock	24	static
../Drivers/STM32F0xx_HAL_Driver/Inc/stm32f0xx_ll_bus.h:413:22:LL_APB1_GRP1_EnableClock	24	static
../Drivers/STM32F0xx_HAL_Driver/Inc/stm32f0xx_ll_bus.h:663:22:LL_APB1_GRP2_EnableClock	24	static
../Drivers/STM32F0xx_HAL_Driver/Inc/stm32f0xx_ll_system.h:1778:22:LL_FLASH_SetLatency	16	static
../Drivers/STM32F0xx_HAL_Driver/Inc/stm32f0xx_ll_system.h:1790:26:LL_FLASH_GetLatency	8	static
../Drivers/STM32F0xx_HAL_Driver/Inc/stm32f0xx_ll_usart.h:576:22:LL_USART_Enable	16	static
../Drivers/STM32F0xx_HAL_Driver/Inc/stm32f0xx_ll_usart.h:2321:22:LL_USART_ConfigAsyncMode	16	static
../Drivers/STM32F0xx_HAL_Driver/Inc/stm32f0xx_ll_usart.h:3380:22:LL_USART_DisableIT_CTS	32	static,ignoring_inline_asm
../Core/Src/main.c:66:5:main	8	static
../Core/Src/main.c:116:6:SystemClock_Config	8	static
../Core/Src/main.c:149:13:MX_ADC_Init	80	static
../Core/Src/main.c:207:13:MX_USART1_UART_Init	72	static
../Core/Src/main.c:267:13:MX_GPIO_Init	8	static
../Core/Src/main.c:287:6:Error_Handler	8	static,ignoring_inline_asm
